\BOOKMARK [1][-]{section.1}{\376\377\000I\000n\000t\000r\000o\000d\000u\000c\000t\000i\000o\000n}{}% 1
\BOOKMARK [1][-]{section.2}{\376\377\000R\000e\000l\000a\000t\000e\000d\000\040\000W\000o\000r\000k}{}% 2
\BOOKMARK [2][-]{subsection.2.1}{\376\377\000L\000i\000g\000h\000t\000w\000e\000i\000g\000h\000t\000\040\000V\000L\000A\000\040\000p\000o\000l\000i\000c\000i\000e\000s}{section.2}% 3
\BOOKMARK [2][-]{subsection.2.2}{\376\377\000M\000e\000m\000o\000r\000y\000-\000a\000u\000g\000m\000e\000n\000t\000e\000d\000\040\000V\000L\000A}{section.2}% 4
\BOOKMARK [2][-]{subsection.2.3}{\376\377\000I\000n\000s\000t\000r\000u\000c\000t\000i\000o\000n\000\040\000b\000l\000i\000n\000d\000n\000e\000s\000s\000\040\000a\000n\000d\000\040\000l\000a\000n\000g\000u\000a\000g\000e\000\040\000g\000r\000o\000u\000n\000d\000i\000n\000g}{section.2}% 5
\BOOKMARK [2][-]{subsection.2.4}{\376\377\000F\000l\000o\000w\000-\000m\000a\000t\000c\000h\000i\000n\000g\000\040\000p\000o\000l\000i\000c\000i\000e\000s\000\040\000a\000n\000d\000\040\000R\000L\000\040\000f\000i\000n\000e\000-\000t\000u\000n\000i\000n\000g}{section.2}% 6
\BOOKMARK [1][-]{section.3}{\376\377\000M\000e\000t\000h\000o\000d}{}% 7
\BOOKMARK [2][-]{subsection.3.1}{\376\377\000A\000r\000c\000h\000i\000t\000e\000c\000t\000u\000r\000e}{section.3}% 8
\BOOKMARK [2][-]{subsection.3.2}{\376\377\000T\000r\000a\000i\000n\000i\000n\000g}{section.3}% 9
\BOOKMARK [2][-]{subsection.3.3}{\376\377\000D\000e\000p\000l\000o\000y\000m\000e\000n\000t}{section.3}% 10
\BOOKMARK [2][-]{subsection.3.4}{\376\377\000W\000h\000y\000\040\000t\000h\000e\000\040\000f\000r\000o\000z\000e\000n\000\040\000c\000a\000c\000h\000e\000\040\000p\000r\000e\000v\000e\000n\000t\000s\000\040\000r\000e\000p\000r\000e\000s\000e\000n\000t\000a\000t\000i\000o\000n\000\040\000e\000r\000o\000s\000i\000o\000n}{section.3}% 11
\BOOKMARK [1][-]{section.4}{\376\377\000E\000x\000p\000e\000r\000i\000m\000e\000n\000t\000a\000l\000\040\000S\000e\000t\000u\000p}{}% 12
\BOOKMARK [1][-]{section.5}{\376\377\000R\000e\000s\000u\000l\000t\000s}{}% 13
\BOOKMARK [2][-]{subsection.5.1}{\376\377\000S\000i\000n\000g\000l\000e\000-\000t\000a\000s\000k\000\040\000p\000i\000l\000o\000t\000\040\000\050\000P\000N\000P\000W\000\051}{section.5}% 14
\BOOKMARK [2][-]{subsection.5.2}{\376\377\000L\000a\000n\000g\000u\000a\000g\000e\000\040\000g\000r\000o\000u\000n\000d\000i\000n\000g\000\040\000o\000n\000\040\000L\000I\000B\000E\000R\000O\000\040\000\050\000o\000p\000e\000n\000\040\000l\000o\000o\000p\000\051}{section.5}% 15
\BOOKMARK [2][-]{subsection.5.3}{\376\377\000M\000e\000t\000a\000W\000o\000r\000l\000d\000\040\000M\000T\0005\0000}{section.5}% 16
\BOOKMARK [2][-]{subsection.5.4}{\376\377\000C\000o\000m\000p\000a\000r\000i\000s\000o\000n\000\040\000t\000o\000\040\000l\000i\000t\000e\000r\000a\000t\000u\000r\000e\000\040\000b\000a\000s\000e\000l\000i\000n\000e\000s}{section.5}% 17
\BOOKMARK [2][-]{subsection.5.5}{\376\377\000E\000n\000d\000-\000t\000o\000-\000e\000n\000d\000\040\000f\000i\000n\000e\000-\000t\000u\000n\000i\000n\000g\000\040\000c\000o\000l\000l\000a\000p\000s\000e\000\040\000a\000n\000d\000\040\000t\000h\000e\000\040\0002\0002\000\040\000c\000o\000n\000t\000r\000o\000l}{section.5}% 18
\BOOKMARK [2][-]{subsection.5.6}{\376\377\000L\000a\000n\000g\000u\000a\000g\000e\000\040\000o\000b\000e\000d\000i\000e\000n\000c\000e\000:\000\040\000c\000o\000u\000n\000t\000e\000r\000f\000a\000c\000t\000u\000a\000l\000\040\000c\000l\000o\000s\000e\000d\000-\000l\000o\000o\000p\000\040\000v\000e\000r\000d\000i\000c\000t}{section.5}% 19
\BOOKMARK [2][-]{subsection.5.7}{\376\377\000V\000L\000A\000-\000R\000L}{section.5}% 20
\BOOKMARK [2][-]{subsection.5.8}{\376\377\000E\000f\000f\000i\000c\000i\000e\000n\000c\000y}{section.5}% 21
\BOOKMARK [1][-]{section.6}{\376\377\000R\000e\000a\000l\000-\000R\000o\000b\000o\000t\000\040\000V\000a\000l\000i\000d\000a\000t\000i\000o\000n}{}% 22
\BOOKMARK [1][-]{section.7}{\376\377\000L\000i\000m\000i\000t\000a\000t\000i\000o\000n\000s}{}% 23
\BOOKMARK [1][-]{section.8}{\376\377\000C\000o\000n\000c\000l\000u\000s\000i\000o\000n}{}% 24
